// Jest Snapshot v1, https://goo.gl/fbAQLP

exports[`App renders properly 1`] = `
<div>
  <Connect(AddTodo) />
  <withRouter(Connect(VisibleTodoList)) />
  <Footer />
</div>
`;
