// Jest Snapshot v1, https://goo.gl/fbAQLP

exports[`FetchError renders properly 1`] = `
<div>
  <p>
    Could not fetch todos. 
  </p>
  <button>
    Retry
  </button>
</div>
`;
