// Jest Snapshot v1, https://goo.gl/fbAQLP

exports[`FilterLink renders properly 1`] = `
<NavLink
  activeClassName="active"
  activeStyle={
    Object {
      "color": "black",
      "textDecoration": "none",
    }
  }
  aria-current="page"
  exact={true}
  to="/undefined"
/>
`;
