// Jest Snapshot v1, https://goo.gl/fbAQLP

exports[`AddTodo renders properly 1`] = `
Array [
  <input />,
  <button
    onClick={[Function]}
  >
    Add Todo
  </button>,
]
`;
